// Jest Snapshot v1, https://goo.gl/fbAQLP

exports[`tests for Profile component renders correctly 1`] = `
<div>
  <div
    class="profile"
  >
    <div
      class="missions"
    >
      <ul>
        <li>
          name 1
        </li>
        <li>
          desc 1
        </li>
        <li>
          Join
        </li>
      </ul>
    </div>
    <div
      class="rockets"
    >
      <ul>
        <li>
          name 1
        </li>
        <li>
          desc 1
        </li>
        <li>
          Reserve
        </li>
      </ul>
    </div>
  </div>
</div>
`;
